// Jest Snapshot v1, https://goo.gl/fbAQLP

exports[`07_middleware should work with events 1`] = `
"
    <div id=\\"app\\"><h1>Counter</h1><div><span>Count: 1</span><button type=\\"button\\">+1</button><button type=\\"button\\">-1</button></div><div><span>Count: 1</span><button type=\\"button\\">+1</button><button type=\\"button\\">-1</button></div><h1>Person</h1><div><div>First Name:<input value=\\"\\"></div><div>Last Name:<input value=\\"\\"></div><div>Age:<input value=\\"0\\"></div></div><div><div>First Name:<input value=\\"\\"></div><div>Last Name:<input value=\\"\\"></div><div>Age:<input value=\\"0\\"></div></div></div>
  

"
`;

exports[`07_middleware should work with events 2`] = `
"
    <div id=\\"app\\"><h1>Counter</h1><div><span>Count: 0</span><button type=\\"button\\">+1</button><button type=\\"button\\">-1</button></div><div><span>Count: 0</span><button type=\\"button\\">+1</button><button type=\\"button\\">-1</button></div><h1>Person</h1><div><div>First Name:<input value=\\"\\"></div><div>Last Name:<input value=\\"\\"></div><div>Age:<input value=\\"0\\"></div></div><div><div>First Name:<input value=\\"\\"></div><div>Last Name:<input value=\\"\\"></div><div>Age:<input value=\\"0\\"></div></div></div>
  

"
`;

exports[`07_middleware should work with events 3`] = `
"
    <div id=\\"app\\"><h1>Counter</h1><div><span>Count: 1</span><button type=\\"button\\">+1</button><button type=\\"button\\">-1</button></div><div><span>Count: 1</span><button type=\\"button\\">+1</button><button type=\\"button\\">-1</button></div><h1>Person</h1><div><div>First Name:<input value=\\"\\"></div><div>Last Name:<input value=\\"\\"></div><div>Age:<input value=\\"0\\"></div></div><div><div>First Name:<input value=\\"\\"></div><div>Last Name:<input value=\\"\\"></div><div>Age:<input value=\\"0\\"></div></div></div>
  

"
`;

exports[`07_middleware should work with events 4`] = `
"
    <div id=\\"app\\"><h1>Counter</h1><div><span>Count: 0</span><button type=\\"button\\">+1</button><button type=\\"button\\">-1</button></div><div><span>Count: 0</span><button type=\\"button\\">+1</button><button type=\\"button\\">-1</button></div><h1>Person</h1><div><div>First Name:<input value=\\"\\"></div><div>Last Name:<input value=\\"\\"></div><div>Age:<input value=\\"0\\"></div></div><div><div>First Name:<input value=\\"\\"></div><div>Last Name:<input value=\\"\\"></div><div>Age:<input value=\\"0\\"></div></div></div>
  

"
`;

exports[`07_middleware should work with events 5`] = `
"
    <div id=\\"app\\"><h1>Counter</h1><div><span>Count: 0</span><button type=\\"button\\">+1</button><button type=\\"button\\">-1</button></div><div><span>Count: 0</span><button type=\\"button\\">+1</button><button type=\\"button\\">-1</button></div><h1>Person</h1><div><div>First Name:<input value=\\"1\\"></div><div>Last Name:<input value=\\"\\"></div><div>Age:<input value=\\"0\\"></div></div><div><div>First Name:<input value=\\"1\\"></div><div>Last Name:<input value=\\"\\"></div><div>Age:<input value=\\"0\\"></div></div></div>
  

"
`;

exports[`07_middleware should work with events 6`] = `
"
    <div id=\\"app\\"><h1>Counter</h1><div><span>Count: 0</span><button type=\\"button\\">+1</button><button type=\\"button\\">-1</button></div><div><span>Count: 0</span><button type=\\"button\\">+1</button><button type=\\"button\\">-1</button></div><h1>Person</h1><div><div>First Name:<input value=\\"1\\"></div><div>Last Name:<input value=\\"2\\"></div><div>Age:<input value=\\"0\\"></div></div><div><div>First Name:<input value=\\"1\\"></div><div>Last Name:<input value=\\"2\\"></div><div>Age:<input value=\\"0\\"></div></div></div>
  

"
`;

exports[`07_middleware should work with events 7`] = `
"
    <div id=\\"app\\"><h1>Counter</h1><div><span>Count: 0</span><button type=\\"button\\">+1</button><button type=\\"button\\">-1</button></div><div><span>Count: 0</span><button type=\\"button\\">+1</button><button type=\\"button\\">-1</button></div><h1>Person</h1><div><div>First Name:<input value=\\"1\\"></div><div>Last Name:<input value=\\"2\\"></div><div>Age:<input value=\\"3\\"></div></div><div><div>First Name:<input value=\\"1\\"></div><div>Last Name:<input value=\\"2\\"></div><div>Age:<input value=\\"3\\"></div></div></div>
  

"
`;

exports[`07_middleware should work with events 8`] = `
"
    <div id=\\"app\\"><h1>Counter</h1><div><span>Count: 0</span><button type=\\"button\\">+1</button><button type=\\"button\\">-1</button></div><div><span>Count: 0</span><button type=\\"button\\">+1</button><button type=\\"button\\">-1</button></div><h1>Person</h1><div><div>First Name:<input value=\\"14\\"></div><div>Last Name:<input value=\\"2\\"></div><div>Age:<input value=\\"3\\"></div></div><div><div>First Name:<input value=\\"14\\"></div><div>Last Name:<input value=\\"2\\"></div><div>Age:<input value=\\"3\\"></div></div></div>
  

"
`;

exports[`07_middleware should work with events 9`] = `
"
    <div id=\\"app\\"><h1>Counter</h1><div><span>Count: 0</span><button type=\\"button\\">+1</button><button type=\\"button\\">-1</button></div><div><span>Count: 0</span><button type=\\"button\\">+1</button><button type=\\"button\\">-1</button></div><h1>Person</h1><div><div>First Name:<input value=\\"14\\"></div><div>Last Name:<input value=\\"25\\"></div><div>Age:<input value=\\"3\\"></div></div><div><div>First Name:<input value=\\"14\\"></div><div>Last Name:<input value=\\"25\\"></div><div>Age:<input value=\\"3\\"></div></div></div>
  

"
`;

exports[`07_middleware should work with events 10`] = `
"
    <div id=\\"app\\"><h1>Counter</h1><div><span>Count: 0</span><button type=\\"button\\">+1</button><button type=\\"button\\">-1</button></div><div><span>Count: 0</span><button type=\\"button\\">+1</button><button type=\\"button\\">-1</button></div><h1>Person</h1><div><div>First Name:<input value=\\"14\\"></div><div>Last Name:<input value=\\"25\\"></div><div>Age:<input value=\\"36\\"></div></div><div><div>First Name:<input value=\\"14\\"></div><div>Last Name:<input value=\\"25\\"></div><div>Age:<input value=\\"36\\"></div></div></div>
  

"
`;
