// Jest Snapshot v1, https://goo.gl/fbAQLP

exports[`09_comparison should work with events 1`] = `
"
    <div id=\\"app\\"><div style=\\"display: flex; justify-content: space-around;\\"><div><h1>useReducer + useContext</h1><h2>Counter</h2><div><span>Count: 1</span><button type=\\"button\\">+1</button><button type=\\"button\\">-1</button><span>(numRendered: 6)</span></div><div><span>Count: 1</span><button type=\\"button\\">+1</button><button type=\\"button\\">-1</button><span>(numRendered: 8)</span></div><h2>Person</h2><div><div>First Name:<input value=\\"\\"></div><div>Last Name:<input value=\\"\\"></div><div>Age:<input value=\\"0\\"></div><div>(numRendered: 6)</div></div><div><div>First Name:<input value=\\"\\"></div><div>Last Name:<input value=\\"\\"></div><div>Age:<input value=\\"0\\"></div><div>(numRendered: 8)</div></div></div><div><h1>react-hooks-global-state</h1><h2>Counter</h2><div><span>Count: 0</span><button type=\\"button\\">+1</button><button type=\\"button\\">-1</button><span>(numRendered: 2)</span></div><div><span>Count: 0</span><button type=\\"button\\">+1</button><button type=\\"button\\">-1</button><span>(numRendered: 4)</span></div><h2>Person</h2><div><div>First Name:<input value=\\"\\"></div><div>Last Name:<input value=\\"\\"></div><div>Age:<input value=\\"0\\"></div><div>(numRendered: 2)</div></div><div><div>First Name:<input value=\\"\\"></div><div>Last Name:<input value=\\"\\"></div><div>Age:<input value=\\"0\\"></div><div>(numRendered: 4)</div></div></div></div></div>
  

"
`;

exports[`09_comparison should work with events 2`] = `
"
    <div id=\\"app\\"><div style=\\"display: flex; justify-content: space-around;\\"><div><h1>useReducer + useContext</h1><h2>Counter</h2><div><span>Count: 0</span><button type=\\"button\\">+1</button><button type=\\"button\\">-1</button><span>(numRendered: 10)</span></div><div><span>Count: 0</span><button type=\\"button\\">+1</button><button type=\\"button\\">-1</button><span>(numRendered: 12)</span></div><h2>Person</h2><div><div>First Name:<input value=\\"\\"></div><div>Last Name:<input value=\\"\\"></div><div>Age:<input value=\\"0\\"></div><div>(numRendered: 10)</div></div><div><div>First Name:<input value=\\"\\"></div><div>Last Name:<input value=\\"\\"></div><div>Age:<input value=\\"0\\"></div><div>(numRendered: 12)</div></div></div><div><h1>react-hooks-global-state</h1><h2>Counter</h2><div><span>Count: 0</span><button type=\\"button\\">+1</button><button type=\\"button\\">-1</button><span>(numRendered: 2)</span></div><div><span>Count: 0</span><button type=\\"button\\">+1</button><button type=\\"button\\">-1</button><span>(numRendered: 4)</span></div><h2>Person</h2><div><div>First Name:<input value=\\"\\"></div><div>Last Name:<input value=\\"\\"></div><div>Age:<input value=\\"0\\"></div><div>(numRendered: 2)</div></div><div><div>First Name:<input value=\\"\\"></div><div>Last Name:<input value=\\"\\"></div><div>Age:<input value=\\"0\\"></div><div>(numRendered: 4)</div></div></div></div></div>
  

"
`;

exports[`09_comparison should work with events 3`] = `
"
    <div id=\\"app\\"><div style=\\"display: flex; justify-content: space-around;\\"><div><h1>useReducer + useContext</h1><h2>Counter</h2><div><span>Count: 1</span><button type=\\"button\\">+1</button><button type=\\"button\\">-1</button><span>(numRendered: 14)</span></div><div><span>Count: 1</span><button type=\\"button\\">+1</button><button type=\\"button\\">-1</button><span>(numRendered: 16)</span></div><h2>Person</h2><div><div>First Name:<input value=\\"\\"></div><div>Last Name:<input value=\\"\\"></div><div>Age:<input value=\\"0\\"></div><div>(numRendered: 14)</div></div><div><div>First Name:<input value=\\"\\"></div><div>Last Name:<input value=\\"\\"></div><div>Age:<input value=\\"0\\"></div><div>(numRendered: 16)</div></div></div><div><h1>react-hooks-global-state</h1><h2>Counter</h2><div><span>Count: 0</span><button type=\\"button\\">+1</button><button type=\\"button\\">-1</button><span>(numRendered: 2)</span></div><div><span>Count: 0</span><button type=\\"button\\">+1</button><button type=\\"button\\">-1</button><span>(numRendered: 4)</span></div><h2>Person</h2><div><div>First Name:<input value=\\"\\"></div><div>Last Name:<input value=\\"\\"></div><div>Age:<input value=\\"0\\"></div><div>(numRendered: 2)</div></div><div><div>First Name:<input value=\\"\\"></div><div>Last Name:<input value=\\"\\"></div><div>Age:<input value=\\"0\\"></div><div>(numRendered: 4)</div></div></div></div></div>
  

"
`;

exports[`09_comparison should work with events 4`] = `
"
    <div id=\\"app\\"><div style=\\"display: flex; justify-content: space-around;\\"><div><h1>useReducer + useContext</h1><h2>Counter</h2><div><span>Count: 0</span><button type=\\"button\\">+1</button><button type=\\"button\\">-1</button><span>(numRendered: 18)</span></div><div><span>Count: 0</span><button type=\\"button\\">+1</button><button type=\\"button\\">-1</button><span>(numRendered: 20)</span></div><h2>Person</h2><div><div>First Name:<input value=\\"\\"></div><div>Last Name:<input value=\\"\\"></div><div>Age:<input value=\\"0\\"></div><div>(numRendered: 18)</div></div><div><div>First Name:<input value=\\"\\"></div><div>Last Name:<input value=\\"\\"></div><div>Age:<input value=\\"0\\"></div><div>(numRendered: 20)</div></div></div><div><h1>react-hooks-global-state</h1><h2>Counter</h2><div><span>Count: 0</span><button type=\\"button\\">+1</button><button type=\\"button\\">-1</button><span>(numRendered: 2)</span></div><div><span>Count: 0</span><button type=\\"button\\">+1</button><button type=\\"button\\">-1</button><span>(numRendered: 4)</span></div><h2>Person</h2><div><div>First Name:<input value=\\"\\"></div><div>Last Name:<input value=\\"\\"></div><div>Age:<input value=\\"0\\"></div><div>(numRendered: 2)</div></div><div><div>First Name:<input value=\\"\\"></div><div>Last Name:<input value=\\"\\"></div><div>Age:<input value=\\"0\\"></div><div>(numRendered: 4)</div></div></div></div></div>
  

"
`;

exports[`09_comparison should work with events 5`] = `
"
    <div id=\\"app\\"><div style=\\"display: flex; justify-content: space-around;\\"><div><h1>useReducer + useContext</h1><h2>Counter</h2><div><span>Count: 0</span><button type=\\"button\\">+1</button><button type=\\"button\\">-1</button><span>(numRendered: 22)</span></div><div><span>Count: 0</span><button type=\\"button\\">+1</button><button type=\\"button\\">-1</button><span>(numRendered: 24)</span></div><h2>Person</h2><div><div>First Name:<input value=\\"1\\"></div><div>Last Name:<input value=\\"\\"></div><div>Age:<input value=\\"0\\"></div><div>(numRendered: 22)</div></div><div><div>First Name:<input value=\\"1\\"></div><div>Last Name:<input value=\\"\\"></div><div>Age:<input value=\\"0\\"></div><div>(numRendered: 24)</div></div></div><div><h1>react-hooks-global-state</h1><h2>Counter</h2><div><span>Count: 0</span><button type=\\"button\\">+1</button><button type=\\"button\\">-1</button><span>(numRendered: 2)</span></div><div><span>Count: 0</span><button type=\\"button\\">+1</button><button type=\\"button\\">-1</button><span>(numRendered: 4)</span></div><h2>Person</h2><div><div>First Name:<input value=\\"\\"></div><div>Last Name:<input value=\\"\\"></div><div>Age:<input value=\\"0\\"></div><div>(numRendered: 2)</div></div><div><div>First Name:<input value=\\"\\"></div><div>Last Name:<input value=\\"\\"></div><div>Age:<input value=\\"0\\"></div><div>(numRendered: 4)</div></div></div></div></div>
  

"
`;

exports[`09_comparison should work with events 6`] = `
"
    <div id=\\"app\\"><div style=\\"display: flex; justify-content: space-around;\\"><div><h1>useReducer + useContext</h1><h2>Counter</h2><div><span>Count: 0</span><button type=\\"button\\">+1</button><button type=\\"button\\">-1</button><span>(numRendered: 26)</span></div><div><span>Count: 0</span><button type=\\"button\\">+1</button><button type=\\"button\\">-1</button><span>(numRendered: 28)</span></div><h2>Person</h2><div><div>First Name:<input value=\\"1\\"></div><div>Last Name:<input value=\\"2\\"></div><div>Age:<input value=\\"0\\"></div><div>(numRendered: 26)</div></div><div><div>First Name:<input value=\\"1\\"></div><div>Last Name:<input value=\\"2\\"></div><div>Age:<input value=\\"0\\"></div><div>(numRendered: 28)</div></div></div><div><h1>react-hooks-global-state</h1><h2>Counter</h2><div><span>Count: 0</span><button type=\\"button\\">+1</button><button type=\\"button\\">-1</button><span>(numRendered: 2)</span></div><div><span>Count: 0</span><button type=\\"button\\">+1</button><button type=\\"button\\">-1</button><span>(numRendered: 4)</span></div><h2>Person</h2><div><div>First Name:<input value=\\"\\"></div><div>Last Name:<input value=\\"\\"></div><div>Age:<input value=\\"0\\"></div><div>(numRendered: 2)</div></div><div><div>First Name:<input value=\\"\\"></div><div>Last Name:<input value=\\"\\"></div><div>Age:<input value=\\"0\\"></div><div>(numRendered: 4)</div></div></div></div></div>
  

"
`;

exports[`09_comparison should work with events 7`] = `
"
    <div id=\\"app\\"><div style=\\"display: flex; justify-content: space-around;\\"><div><h1>useReducer + useContext</h1><h2>Counter</h2><div><span>Count: 0</span><button type=\\"button\\">+1</button><button type=\\"button\\">-1</button><span>(numRendered: 30)</span></div><div><span>Count: 0</span><button type=\\"button\\">+1</button><button type=\\"button\\">-1</button><span>(numRendered: 32)</span></div><h2>Person</h2><div><div>First Name:<input value=\\"1\\"></div><div>Last Name:<input value=\\"2\\"></div><div>Age:<input value=\\"3\\"></div><div>(numRendered: 30)</div></div><div><div>First Name:<input value=\\"1\\"></div><div>Last Name:<input value=\\"2\\"></div><div>Age:<input value=\\"3\\"></div><div>(numRendered: 32)</div></div></div><div><h1>react-hooks-global-state</h1><h2>Counter</h2><div><span>Count: 0</span><button type=\\"button\\">+1</button><button type=\\"button\\">-1</button><span>(numRendered: 2)</span></div><div><span>Count: 0</span><button type=\\"button\\">+1</button><button type=\\"button\\">-1</button><span>(numRendered: 4)</span></div><h2>Person</h2><div><div>First Name:<input value=\\"\\"></div><div>Last Name:<input value=\\"\\"></div><div>Age:<input value=\\"0\\"></div><div>(numRendered: 2)</div></div><div><div>First Name:<input value=\\"\\"></div><div>Last Name:<input value=\\"\\"></div><div>Age:<input value=\\"0\\"></div><div>(numRendered: 4)</div></div></div></div></div>
  

"
`;

exports[`09_comparison should work with events 8`] = `
"
    <div id=\\"app\\"><div style=\\"display: flex; justify-content: space-around;\\"><div><h1>useReducer + useContext</h1><h2>Counter</h2><div><span>Count: 0</span><button type=\\"button\\">+1</button><button type=\\"button\\">-1</button><span>(numRendered: 34)</span></div><div><span>Count: 0</span><button type=\\"button\\">+1</button><button type=\\"button\\">-1</button><span>(numRendered: 36)</span></div><h2>Person</h2><div><div>First Name:<input value=\\"14\\"></div><div>Last Name:<input value=\\"2\\"></div><div>Age:<input value=\\"3\\"></div><div>(numRendered: 34)</div></div><div><div>First Name:<input value=\\"14\\"></div><div>Last Name:<input value=\\"2\\"></div><div>Age:<input value=\\"3\\"></div><div>(numRendered: 36)</div></div></div><div><h1>react-hooks-global-state</h1><h2>Counter</h2><div><span>Count: 0</span><button type=\\"button\\">+1</button><button type=\\"button\\">-1</button><span>(numRendered: 2)</span></div><div><span>Count: 0</span><button type=\\"button\\">+1</button><button type=\\"button\\">-1</button><span>(numRendered: 4)</span></div><h2>Person</h2><div><div>First Name:<input value=\\"\\"></div><div>Last Name:<input value=\\"\\"></div><div>Age:<input value=\\"0\\"></div><div>(numRendered: 2)</div></div><div><div>First Name:<input value=\\"\\"></div><div>Last Name:<input value=\\"\\"></div><div>Age:<input value=\\"0\\"></div><div>(numRendered: 4)</div></div></div></div></div>
  

"
`;

exports[`09_comparison should work with events 9`] = `
"
    <div id=\\"app\\"><div style=\\"display: flex; justify-content: space-around;\\"><div><h1>useReducer + useContext</h1><h2>Counter</h2><div><span>Count: 0</span><button type=\\"button\\">+1</button><button type=\\"button\\">-1</button><span>(numRendered: 38)</span></div><div><span>Count: 0</span><button type=\\"button\\">+1</button><button type=\\"button\\">-1</button><span>(numRendered: 40)</span></div><h2>Person</h2><div><div>First Name:<input value=\\"14\\"></div><div>Last Name:<input value=\\"25\\"></div><div>Age:<input value=\\"3\\"></div><div>(numRendered: 38)</div></div><div><div>First Name:<input value=\\"14\\"></div><div>Last Name:<input value=\\"25\\"></div><div>Age:<input value=\\"3\\"></div><div>(numRendered: 40)</div></div></div><div><h1>react-hooks-global-state</h1><h2>Counter</h2><div><span>Count: 0</span><button type=\\"button\\">+1</button><button type=\\"button\\">-1</button><span>(numRendered: 2)</span></div><div><span>Count: 0</span><button type=\\"button\\">+1</button><button type=\\"button\\">-1</button><span>(numRendered: 4)</span></div><h2>Person</h2><div><div>First Name:<input value=\\"\\"></div><div>Last Name:<input value=\\"\\"></div><div>Age:<input value=\\"0\\"></div><div>(numRendered: 2)</div></div><div><div>First Name:<input value=\\"\\"></div><div>Last Name:<input value=\\"\\"></div><div>Age:<input value=\\"0\\"></div><div>(numRendered: 4)</div></div></div></div></div>
  

"
`;

exports[`09_comparison should work with events 10`] = `
"
    <div id=\\"app\\"><div style=\\"display: flex; justify-content: space-around;\\"><div><h1>useReducer + useContext</h1><h2>Counter</h2><div><span>Count: 0</span><button type=\\"button\\">+1</button><button type=\\"button\\">-1</button><span>(numRendered: 42)</span></div><div><span>Count: 0</span><button type=\\"button\\">+1</button><button type=\\"button\\">-1</button><span>(numRendered: 44)</span></div><h2>Person</h2><div><div>First Name:<input value=\\"14\\"></div><div>Last Name:<input value=\\"25\\"></div><div>Age:<input value=\\"36\\"></div><div>(numRendered: 42)</div></div><div><div>First Name:<input value=\\"14\\"></div><div>Last Name:<input value=\\"25\\"></div><div>Age:<input value=\\"36\\"></div><div>(numRendered: 44)</div></div></div><div><h1>react-hooks-global-state</h1><h2>Counter</h2><div><span>Count: 0</span><button type=\\"button\\">+1</button><button type=\\"button\\">-1</button><span>(numRendered: 2)</span></div><div><span>Count: 0</span><button type=\\"button\\">+1</button><button type=\\"button\\">-1</button><span>(numRendered: 4)</span></div><h2>Person</h2><div><div>First Name:<input value=\\"\\"></div><div>Last Name:<input value=\\"\\"></div><div>Age:<input value=\\"0\\"></div><div>(numRendered: 2)</div></div><div><div>First Name:<input value=\\"\\"></div><div>Last Name:<input value=\\"\\"></div><div>Age:<input value=\\"0\\"></div><div>(numRendered: 4)</div></div></div></div></div>
  

"
`;

exports[`09_comparison should work with events 11`] = `
"
    <div id=\\"app\\"><div style=\\"display: flex; justify-content: space-around;\\"><div><h1>useReducer + useContext</h1><h2>Counter</h2><div><span>Count: 0</span><button type=\\"button\\">+1</button><button type=\\"button\\">-1</button><span>(numRendered: 42)</span></div><div><span>Count: 0</span><button type=\\"button\\">+1</button><button type=\\"button\\">-1</button><span>(numRendered: 44)</span></div><h2>Person</h2><div><div>First Name:<input value=\\"14\\"></div><div>Last Name:<input value=\\"25\\"></div><div>Age:<input value=\\"36\\"></div><div>(numRendered: 42)</div></div><div><div>First Name:<input value=\\"14\\"></div><div>Last Name:<input value=\\"25\\"></div><div>Age:<input value=\\"36\\"></div><div>(numRendered: 44)</div></div></div><div><h1>react-hooks-global-state</h1><h2>Counter</h2><div><span>Count: 1</span><button type=\\"button\\">+1</button><button type=\\"button\\">-1</button><span>(numRendered: 6)</span></div><div><span>Count: 1</span><button type=\\"button\\">+1</button><button type=\\"button\\">-1</button><span>(numRendered: 8)</span></div><h2>Person</h2><div><div>First Name:<input value=\\"\\"></div><div>Last Name:<input value=\\"\\"></div><div>Age:<input value=\\"0\\"></div><div>(numRendered: 2)</div></div><div><div>First Name:<input value=\\"\\"></div><div>Last Name:<input value=\\"\\"></div><div>Age:<input value=\\"0\\"></div><div>(numRendered: 4)</div></div></div></div></div>
  

"
`;

exports[`09_comparison should work with events 12`] = `
"
    <div id=\\"app\\"><div style=\\"display: flex; justify-content: space-around;\\"><div><h1>useReducer + useContext</h1><h2>Counter</h2><div><span>Count: 0</span><button type=\\"button\\">+1</button><button type=\\"button\\">-1</button><span>(numRendered: 42)</span></div><div><span>Count: 0</span><button type=\\"button\\">+1</button><button type=\\"button\\">-1</button><span>(numRendered: 44)</span></div><h2>Person</h2><div><div>First Name:<input value=\\"14\\"></div><div>Last Name:<input value=\\"25\\"></div><div>Age:<input value=\\"36\\"></div><div>(numRendered: 42)</div></div><div><div>First Name:<input value=\\"14\\"></div><div>Last Name:<input value=\\"25\\"></div><div>Age:<input value=\\"36\\"></div><div>(numRendered: 44)</div></div></div><div><h1>react-hooks-global-state</h1><h2>Counter</h2><div><span>Count: 0</span><button type=\\"button\\">+1</button><button type=\\"button\\">-1</button><span>(numRendered: 10)</span></div><div><span>Count: 0</span><button type=\\"button\\">+1</button><button type=\\"button\\">-1</button><span>(numRendered: 12)</span></div><h2>Person</h2><div><div>First Name:<input value=\\"\\"></div><div>Last Name:<input value=\\"\\"></div><div>Age:<input value=\\"0\\"></div><div>(numRendered: 2)</div></div><div><div>First Name:<input value=\\"\\"></div><div>Last Name:<input value=\\"\\"></div><div>Age:<input value=\\"0\\"></div><div>(numRendered: 4)</div></div></div></div></div>
  

"
`;

exports[`09_comparison should work with events 13`] = `
"
    <div id=\\"app\\"><div style=\\"display: flex; justify-content: space-around;\\"><div><h1>useReducer + useContext</h1><h2>Counter</h2><div><span>Count: 0</span><button type=\\"button\\">+1</button><button type=\\"button\\">-1</button><span>(numRendered: 42)</span></div><div><span>Count: 0</span><button type=\\"button\\">+1</button><button type=\\"button\\">-1</button><span>(numRendered: 44)</span></div><h2>Person</h2><div><div>First Name:<input value=\\"14\\"></div><div>Last Name:<input value=\\"25\\"></div><div>Age:<input value=\\"36\\"></div><div>(numRendered: 42)</div></div><div><div>First Name:<input value=\\"14\\"></div><div>Last Name:<input value=\\"25\\"></div><div>Age:<input value=\\"36\\"></div><div>(numRendered: 44)</div></div></div><div><h1>react-hooks-global-state</h1><h2>Counter</h2><div><span>Count: 1</span><button type=\\"button\\">+1</button><button type=\\"button\\">-1</button><span>(numRendered: 14)</span></div><div><span>Count: 1</span><button type=\\"button\\">+1</button><button type=\\"button\\">-1</button><span>(numRendered: 16)</span></div><h2>Person</h2><div><div>First Name:<input value=\\"\\"></div><div>Last Name:<input value=\\"\\"></div><div>Age:<input value=\\"0\\"></div><div>(numRendered: 2)</div></div><div><div>First Name:<input value=\\"\\"></div><div>Last Name:<input value=\\"\\"></div><div>Age:<input value=\\"0\\"></div><div>(numRendered: 4)</div></div></div></div></div>
  

"
`;

exports[`09_comparison should work with events 14`] = `
"
    <div id=\\"app\\"><div style=\\"display: flex; justify-content: space-around;\\"><div><h1>useReducer + useContext</h1><h2>Counter</h2><div><span>Count: 0</span><button type=\\"button\\">+1</button><button type=\\"button\\">-1</button><span>(numRendered: 42)</span></div><div><span>Count: 0</span><button type=\\"button\\">+1</button><button type=\\"button\\">-1</button><span>(numRendered: 44)</span></div><h2>Person</h2><div><div>First Name:<input value=\\"14\\"></div><div>Last Name:<input value=\\"25\\"></div><div>Age:<input value=\\"36\\"></div><div>(numRendered: 42)</div></div><div><div>First Name:<input value=\\"14\\"></div><div>Last Name:<input value=\\"25\\"></div><div>Age:<input value=\\"36\\"></div><div>(numRendered: 44)</div></div></div><div><h1>react-hooks-global-state</h1><h2>Counter</h2><div><span>Count: 0</span><button type=\\"button\\">+1</button><button type=\\"button\\">-1</button><span>(numRendered: 18)</span></div><div><span>Count: 0</span><button type=\\"button\\">+1</button><button type=\\"button\\">-1</button><span>(numRendered: 20)</span></div><h2>Person</h2><div><div>First Name:<input value=\\"\\"></div><div>Last Name:<input value=\\"\\"></div><div>Age:<input value=\\"0\\"></div><div>(numRendered: 2)</div></div><div><div>First Name:<input value=\\"\\"></div><div>Last Name:<input value=\\"\\"></div><div>Age:<input value=\\"0\\"></div><div>(numRendered: 4)</div></div></div></div></div>
  

"
`;

exports[`09_comparison should work with events 15`] = `
"
    <div id=\\"app\\"><div style=\\"display: flex; justify-content: space-around;\\"><div><h1>useReducer + useContext</h1><h2>Counter</h2><div><span>Count: 0</span><button type=\\"button\\">+1</button><button type=\\"button\\">-1</button><span>(numRendered: 42)</span></div><div><span>Count: 0</span><button type=\\"button\\">+1</button><button type=\\"button\\">-1</button><span>(numRendered: 44)</span></div><h2>Person</h2><div><div>First Name:<input value=\\"14\\"></div><div>Last Name:<input value=\\"25\\"></div><div>Age:<input value=\\"36\\"></div><div>(numRendered: 42)</div></div><div><div>First Name:<input value=\\"14\\"></div><div>Last Name:<input value=\\"25\\"></div><div>Age:<input value=\\"36\\"></div><div>(numRendered: 44)</div></div></div><div><h1>react-hooks-global-state</h1><h2>Counter</h2><div><span>Count: 0</span><button type=\\"button\\">+1</button><button type=\\"button\\">-1</button><span>(numRendered: 18)</span></div><div><span>Count: 0</span><button type=\\"button\\">+1</button><button type=\\"button\\">-1</button><span>(numRendered: 20)</span></div><h2>Person</h2><div><div>First Name:<input value=\\"1\\"></div><div>Last Name:<input value=\\"\\"></div><div>Age:<input value=\\"0\\"></div><div>(numRendered: 6)</div></div><div><div>First Name:<input value=\\"1\\"></div><div>Last Name:<input value=\\"\\"></div><div>Age:<input value=\\"0\\"></div><div>(numRendered: 8)</div></div></div></div></div>
  

"
`;

exports[`09_comparison should work with events 16`] = `
"
    <div id=\\"app\\"><div style=\\"display: flex; justify-content: space-around;\\"><div><h1>useReducer + useContext</h1><h2>Counter</h2><div><span>Count: 0</span><button type=\\"button\\">+1</button><button type=\\"button\\">-1</button><span>(numRendered: 42)</span></div><div><span>Count: 0</span><button type=\\"button\\">+1</button><button type=\\"button\\">-1</button><span>(numRendered: 44)</span></div><h2>Person</h2><div><div>First Name:<input value=\\"14\\"></div><div>Last Name:<input value=\\"25\\"></div><div>Age:<input value=\\"36\\"></div><div>(numRendered: 42)</div></div><div><div>First Name:<input value=\\"14\\"></div><div>Last Name:<input value=\\"25\\"></div><div>Age:<input value=\\"36\\"></div><div>(numRendered: 44)</div></div></div><div><h1>react-hooks-global-state</h1><h2>Counter</h2><div><span>Count: 0</span><button type=\\"button\\">+1</button><button type=\\"button\\">-1</button><span>(numRendered: 18)</span></div><div><span>Count: 0</span><button type=\\"button\\">+1</button><button type=\\"button\\">-1</button><span>(numRendered: 20)</span></div><h2>Person</h2><div><div>First Name:<input value=\\"1\\"></div><div>Last Name:<input value=\\"2\\"></div><div>Age:<input value=\\"0\\"></div><div>(numRendered: 10)</div></div><div><div>First Name:<input value=\\"1\\"></div><div>Last Name:<input value=\\"2\\"></div><div>Age:<input value=\\"0\\"></div><div>(numRendered: 12)</div></div></div></div></div>
  

"
`;

exports[`09_comparison should work with events 17`] = `
"
    <div id=\\"app\\"><div style=\\"display: flex; justify-content: space-around;\\"><div><h1>useReducer + useContext</h1><h2>Counter</h2><div><span>Count: 0</span><button type=\\"button\\">+1</button><button type=\\"button\\">-1</button><span>(numRendered: 42)</span></div><div><span>Count: 0</span><button type=\\"button\\">+1</button><button type=\\"button\\">-1</button><span>(numRendered: 44)</span></div><h2>Person</h2><div><div>First Name:<input value=\\"14\\"></div><div>Last Name:<input value=\\"25\\"></div><div>Age:<input value=\\"36\\"></div><div>(numRendered: 42)</div></div><div><div>First Name:<input value=\\"14\\"></div><div>Last Name:<input value=\\"25\\"></div><div>Age:<input value=\\"36\\"></div><div>(numRendered: 44)</div></div></div><div><h1>react-hooks-global-state</h1><h2>Counter</h2><div><span>Count: 0</span><button type=\\"button\\">+1</button><button type=\\"button\\">-1</button><span>(numRendered: 18)</span></div><div><span>Count: 0</span><button type=\\"button\\">+1</button><button type=\\"button\\">-1</button><span>(numRendered: 20)</span></div><h2>Person</h2><div><div>First Name:<input value=\\"1\\"></div><div>Last Name:<input value=\\"2\\"></div><div>Age:<input value=\\"3\\"></div><div>(numRendered: 14)</div></div><div><div>First Name:<input value=\\"1\\"></div><div>Last Name:<input value=\\"2\\"></div><div>Age:<input value=\\"3\\"></div><div>(numRendered: 16)</div></div></div></div></div>
  

"
`;

exports[`09_comparison should work with events 18`] = `
"
    <div id=\\"app\\"><div style=\\"display: flex; justify-content: space-around;\\"><div><h1>useReducer + useContext</h1><h2>Counter</h2><div><span>Count: 0</span><button type=\\"button\\">+1</button><button type=\\"button\\">-1</button><span>(numRendered: 42)</span></div><div><span>Count: 0</span><button type=\\"button\\">+1</button><button type=\\"button\\">-1</button><span>(numRendered: 44)</span></div><h2>Person</h2><div><div>First Name:<input value=\\"14\\"></div><div>Last Name:<input value=\\"25\\"></div><div>Age:<input value=\\"36\\"></div><div>(numRendered: 42)</div></div><div><div>First Name:<input value=\\"14\\"></div><div>Last Name:<input value=\\"25\\"></div><div>Age:<input value=\\"36\\"></div><div>(numRendered: 44)</div></div></div><div><h1>react-hooks-global-state</h1><h2>Counter</h2><div><span>Count: 0</span><button type=\\"button\\">+1</button><button type=\\"button\\">-1</button><span>(numRendered: 18)</span></div><div><span>Count: 0</span><button type=\\"button\\">+1</button><button type=\\"button\\">-1</button><span>(numRendered: 20)</span></div><h2>Person</h2><div><div>First Name:<input value=\\"14\\"></div><div>Last Name:<input value=\\"2\\"></div><div>Age:<input value=\\"3\\"></div><div>(numRendered: 18)</div></div><div><div>First Name:<input value=\\"14\\"></div><div>Last Name:<input value=\\"2\\"></div><div>Age:<input value=\\"3\\"></div><div>(numRendered: 20)</div></div></div></div></div>
  

"
`;

exports[`09_comparison should work with events 19`] = `
"
    <div id=\\"app\\"><div style=\\"display: flex; justify-content: space-around;\\"><div><h1>useReducer + useContext</h1><h2>Counter</h2><div><span>Count: 0</span><button type=\\"button\\">+1</button><button type=\\"button\\">-1</button><span>(numRendered: 42)</span></div><div><span>Count: 0</span><button type=\\"button\\">+1</button><button type=\\"button\\">-1</button><span>(numRendered: 44)</span></div><h2>Person</h2><div><div>First Name:<input value=\\"14\\"></div><div>Last Name:<input value=\\"25\\"></div><div>Age:<input value=\\"36\\"></div><div>(numRendered: 42)</div></div><div><div>First Name:<input value=\\"14\\"></div><div>Last Name:<input value=\\"25\\"></div><div>Age:<input value=\\"36\\"></div><div>(numRendered: 44)</div></div></div><div><h1>react-hooks-global-state</h1><h2>Counter</h2><div><span>Count: 0</span><button type=\\"button\\">+1</button><button type=\\"button\\">-1</button><span>(numRendered: 18)</span></div><div><span>Count: 0</span><button type=\\"button\\">+1</button><button type=\\"button\\">-1</button><span>(numRendered: 20)</span></div><h2>Person</h2><div><div>First Name:<input value=\\"14\\"></div><div>Last Name:<input value=\\"25\\"></div><div>Age:<input value=\\"3\\"></div><div>(numRendered: 22)</div></div><div><div>First Name:<input value=\\"14\\"></div><div>Last Name:<input value=\\"25\\"></div><div>Age:<input value=\\"3\\"></div><div>(numRendered: 24)</div></div></div></div></div>
  

"
`;

exports[`09_comparison should work with events 20`] = `
"
    <div id=\\"app\\"><div style=\\"display: flex; justify-content: space-around;\\"><div><h1>useReducer + useContext</h1><h2>Counter</h2><div><span>Count: 0</span><button type=\\"button\\">+1</button><button type=\\"button\\">-1</button><span>(numRendered: 42)</span></div><div><span>Count: 0</span><button type=\\"button\\">+1</button><button type=\\"button\\">-1</button><span>(numRendered: 44)</span></div><h2>Person</h2><div><div>First Name:<input value=\\"14\\"></div><div>Last Name:<input value=\\"25\\"></div><div>Age:<input value=\\"36\\"></div><div>(numRendered: 42)</div></div><div><div>First Name:<input value=\\"14\\"></div><div>Last Name:<input value=\\"25\\"></div><div>Age:<input value=\\"36\\"></div><div>(numRendered: 44)</div></div></div><div><h1>react-hooks-global-state</h1><h2>Counter</h2><div><span>Count: 0</span><button type=\\"button\\">+1</button><button type=\\"button\\">-1</button><span>(numRendered: 18)</span></div><div><span>Count: 0</span><button type=\\"button\\">+1</button><button type=\\"button\\">-1</button><span>(numRendered: 20)</span></div><h2>Person</h2><div><div>First Name:<input value=\\"14\\"></div><div>Last Name:<input value=\\"25\\"></div><div>Age:<input value=\\"36\\"></div><div>(numRendered: 26)</div></div><div><div>First Name:<input value=\\"14\\"></div><div>Last Name:<input value=\\"25\\"></div><div>Age:<input value=\\"36\\"></div><div>(numRendered: 28)</div></div></div></div></div>
  

"
`;
