// Jest Snapshot v1, https://goo.gl/fbAQLP

exports[`02_typescript should work with events 1`] = `
"
    <div id=\\"app\\"><h1>Counter</h1><div><span>Count: 1</span><button type=\\"button\\">+1</button><button type=\\"button\\">-1</button><span>Bonus: 40</span></div><div><span>Count: 1</span><button type=\\"button\\">+1</button><button type=\\"button\\">-1</button><span>Bonus: 40</span></div></div>
  

"
`;

exports[`02_typescript should work with events 2`] = `
"
    <div id=\\"app\\"><h1>Counter</h1><div><span>Count: 0</span><button type=\\"button\\">+1</button><button type=\\"button\\">-1</button><span>Bonus: 60</span></div><div><span>Count: 0</span><button type=\\"button\\">+1</button><button type=\\"button\\">-1</button><span>Bonus: 60</span></div></div>
  

"
`;

exports[`02_typescript should work with events 3`] = `
"
    <div id=\\"app\\"><h1>Counter</h1><div><span>Count: 1</span><button type=\\"button\\">+1</button><button type=\\"button\\">-1</button><span>Bonus: 80</span></div><div><span>Count: 1</span><button type=\\"button\\">+1</button><button type=\\"button\\">-1</button><span>Bonus: 80</span></div></div>
  

"
`;

exports[`02_typescript should work with events 4`] = `
"
    <div id=\\"app\\"><h1>Counter</h1><div><span>Count: 0</span><button type=\\"button\\">+1</button><button type=\\"button\\">-1</button><span>Bonus: 100</span></div><div><span>Count: 0</span><button type=\\"button\\">+1</button><button type=\\"button\\">-1</button><span>Bonus: 100</span></div></div>
  

"
`;
